
> rewind-app@0.1.0 check
> npm run format:check && npm run lint && npm run architecture:check && npm run typecheck && npm test && npm run test:a11y


> rewind-app@0.1.0 format:check
> prettier --check .

Checking formatting...
All matched files use Prettier code style!

> rewind-app@0.1.0 lint
> eslint .


> rewind-app@0.1.0 architecture:check
> node scripts/check-architecture.mjs

Architecture checks passed: domain and route boundaries are platform-safe.

> rewind-app@0.1.0 typecheck
> tsc --noEmit


> rewind-app@0.1.0 test
> node --test tests/scaffold.test.mjs tests/architecture.test.mjs tests/pwa.test.mjs tests/web-deployment.test.mjs tests/deploy/host-lifecycle-smoke.test.mjs tests/terraform/*.test.mjs && npm run server:test && jest --runInBand

TAP version 13
# Subtest: repository architecture boundaries are platform-safe
ok 1 - repository architecture boundaries are platform-safe
  ---
  duration_ms: 3.689583
  type: 'test'
  ...
# Subtest: architecture guard rejects framework imports in domain and device imports in routes
ok 2 - architecture guard rejects framework imports in domain and device imports in routes
  ---
  duration_ms: 15.916167
  type: 'test'
  ...
# Subtest: resolved Compose keeps local ports private and exposes only the hosted web origin
ok 3 - resolved Compose keeps local ports private and exposes only the hosted web origin
  ---
  duration_ms: 221.552041
  type: 'test'
  ...
# Subtest: resolved Compose preserves explicit HTTP request bounds
ok 4 - resolved Compose preserves explicit HTTP request bounds
  ---
  duration_ms: 64.911041
  type: 'test'
  ...
# Subtest: lifecycle smoke contract is disposable, bounded, and Compose-isolated
ok 5 - lifecycle smoke contract is disposable, bounded, and Compose-isolated
  ---
  duration_ms: 0.897666
  type: 'test'
  ...
# Subtest: failure diagnostics redact paths, environment values, invitation codes, and media content
ok 6 - failure diagnostics redact paths, environment values, invitation codes, and media content
  ---
  duration_ms: 0.480459
  type: 'test'
  ...
# Subtest: a failed Compose assertion still removes its project and emits only redacted diagnostics
ok 7 - a failed Compose assertion still removes its project and emits only redacted diagnostics
  ---
  duration_ms: 745.609125
  type: 'test'
  ...
# Subtest: Expo web config and manifest describe an installable standalone shell
ok 8 - Expo web config and manifest describe an installable standalone shell
  ---
  duration_ms: 0.764708
  type: 'test'
  ...
# Subtest: the web shell registers a bounded offline fallback without offline sync
ok 9 - the web shell registers a bounded offline fallback without offline sync
  ---
  duration_ms: 0.113125
  type: 'test'
  ...
# Subtest: scaffold identifies the Rewind app and exposes baseline quality commands
ok 10 - scaffold identifies the Rewind app and exposes baseline quality commands
  ---
  duration_ms: 0.383792
  type: 'test'
  ...
# Subtest: quality workflow validates main pushes and PRs against any stacked base
ok 11 - quality workflow validates main pushes and PRs against any stacked base
  ---
  duration_ms: 0.167916
  type: 'test'
  ...
# Subtest: audit Lambda policy is an explicit read, log, and optional publish allowlist
ok 12 - audit Lambda policy is an explicit read, log, and optional publish allowlist
  ---
  duration_ms: 1.156833
  type: 'test'
  ...
# Subtest: audit Lambda policy cannot mutate compute, bucket objects, IAM, or account state
ok 13 - audit Lambda policy cannot mutate compute, bucket objects, IAM, or account state
  ---
  duration_ms: 0.382792
  type: 'test'
  ...
# Subtest: audit Lambda has an independent Lambda-only trust policy
ok 14 - audit Lambda has an independent Lambda-only trust policy
  ---
  duration_ms: 0.122166
  type: 'test'
  ...
# Subtest: scheduler can invoke only the audit Lambda
ok 15 - scheduler can invoke only the audit Lambda
  ---
  duration_ms: 0.109042
  type: 'test'
  ...
# Subtest: scheduler trust is scoped to this account and this exact schedule
ok 16 - scheduler trust is scoped to this account and this exact schedule
  ---
  duration_ms: 0.766875
  type: 'test'
  ...
# Subtest: audit expected power state is explicit and distinct from instance existence
ok 17 - audit expected power state is explicit and distinct from instance existence
  ---
  duration_ms: 0.079958
  type: 'test'
  ...
# Subtest: disabled audit notifications tolerate a null topic ARN during planning
ok 18 - disabled audit notifications tolerate a null topic ARN during planning
  ---
  duration_ms: 0.103416
  type: 'test'
  ...
# Subtest: distribution provider uses us-east-1 while the default provider stays regional
ok 19 - distribution provider uses us-east-1 while the default provider stays regional
  ---
  duration_ms: 1.64675
  type: 'test'
  ...
# Subtest: only the Lightsail distribution selects an aliased AWS provider
ok 20 - only the Lightsail distribution selects an aliased AWS provider
  ---
  duration_ms: 0.49
  type: 'test'
  ...
# Subtest: distribution origin remains rewind-demo in ap-southeast-1
ok 21 - distribution origin remains rewind-demo in ap-southeast-1
  ---
  duration_ms: 0.107792
  type: 'test'
  ...
# Subtest: existing hosts ignore only creation-time user_data drift
ok 22 - existing hosts ignore only creation-time user_data drift
  ---
  duration_ms: 0.474916
  type: 'test'
  ...
# Subtest: new hosts keep current bootstrap and the HTTPS origin attachment chain
ok 23 - new hosts keep current bootstrap and the HTTPS origin attachment chain
  ---
  duration_ms: 0.381084
  type: 'test'
  ...
# Subtest: public HTTPS distribution is explicitly opt-in with a safe default
ok 24 - public HTTPS distribution is explicitly opt-in with a safe default
  ---
  duration_ms: 0.323833
  type: 'test'
  ...
# Subtest: distribution uses the canonical Lightsail full HTTP method enum
ok 25 - distribution uses the canonical Lightsail full HTTP method enum
  ---
  duration_ms: 0.215375
  type: 'test'
  ...
# Subtest: distribution uses the web origin and preserves same-origin API routing
ok 26 - distribution uses the web origin and preserves same-origin API routing
  ---
  duration_ms: 0.16425
  type: 'test'
  ...
# Subtest: enabling the distribution requires an explicit cost-safety approval
ok 27 - enabling the distribution requires an explicit cost-safety approval
  ---
  duration_ms: 0.245708
  type: 'test'
  ...
# Subtest: production web proxy keeps API and SPA routing boundaries explicit
ok 28 - production web proxy keeps API and SPA routing boundaries explicit
  ---
  duration_ms: 0.944541
  type: 'test'
  ...
# Subtest: Compose starts the web proxy only after the healthy runtime
ok 29 - Compose starts the web proxy only after the healthy runtime
  ---
  duration_ms: 0.124208
  type: 'test'
  ...
# Subtest: the web image bakes the same-origin API prefix into the Expo artifact
ok 30 - the web image bakes the same-origin API prefix into the Expo artifact
  ---
  duration_ms: 0.058
  type: 'test'
  ...
# Subtest: runtime-unavailable API responses stay JSON and never fall back to the shell
ok 31 - runtime-unavailable API responses stay JSON and never fall back to the shell
  ---
  duration_ms: 17.617958
  type: 'test'
  ...
1..31
# tests 31
# suites 0
# pass 31
# fail 0
# cancelled 0
# skipped 0
# todo 0
# duration_ms 1098.34775

> rewind-app@0.1.0 server:test
> npm run server:build && node --test server/tests/*.test.mjs


> rewind-app@0.1.0 server:build
> tsc -p tsconfig.server.json

TAP version 13
# (node:1866) ExperimentalWarning: SQLite is an experimental feature and might change at any time
# (Use `node --trace-warnings ...` to show where the warning was created)
# Subtest: members can persist one-level replies and nested replies are rejected
ok 1 - members can persist one-level replies and nested replies are rejected
  ---
  duration_ms: 126.757417
  type: 'test'
  ...
# Subtest: supported reaction add/remove is idempotent and returns aggregate counts
ok 2 - supported reaction add/remove is idempotent and returns aggregate counts
  ---
  duration_ms: 58.29875
  type: 'test'
  ...
# Subtest: a member outside the group cannot reply or react to its messages
ok 3 - a member outside the group cannot reply or react to its messages
  ---
  duration_ms: 42.464208
  type: 'test'
  ...
# (node:1867) ExperimentalWarning: SQLite is an experimental feature and might change at any time
# (Use `node --trace-warnings ...` to show where the warning was created)
# Subtest: cycle boundary creates one persistent film job from processed non-raw clips
ok 4 - cycle boundary creates one persistent film job from processed non-raw clips
  ---
  duration_ms: 101.267667
  type: 'test'
  ...
# Subtest: compilation claims and progress survive a restart without duplicate jobs
ok 5 - compilation claims and progress survive a restart without duplicate jobs
  ---
  duration_ms: 35.336375
  type: 'test'
  ...
# Subtest: compilation excludes tombstones and a worker claim reconciles stale inputs atomically
ok 6 - compilation excludes tombstones and a worker claim reconciles stale inputs atomically
  ---
  duration_ms: 55.891333
  type: 'test'
  ...
# Subtest: progress heartbeats renew only the current fenced claim lease
ok 7 - progress heartbeats renew only the current fenced claim lease
  ---
  duration_ms: 35.225916
  type: 'test'
  ...
# Subtest: recorded compilation migration repairs malformed input shape and keeps valid rows
ok 8 - recorded compilation migration repairs malformed input shape and keeps valid rows
  ---
  duration_ms: 67.152542
  type: 'test'
  ...
# Subtest: recorded deletion migration repairs a malformed active-contribution index
ok 9 - recorded deletion migration repairs a malformed active-contribution index
  ---
  duration_ms: 66.781042
  type: 'test'
  ...
# (node:1868) ExperimentalWarning: SQLite is an experimental feature and might change at any time
# (Use `node --trace-warnings ...` to show where the warning was created)
# Subtest: report detects each required inconsistency and does not mutate rows, files, or audits
ok 10 - report detects each required inconsistency and does not mutate rows, files, or audits
  ---
  duration_ms: 120.828125
  type: 'test'
  ...
# Subtest: processed-file candidate checks find references beyond the limited job window
ok 11 - processed-file candidate checks find references beyond the limited job window
  ---
  duration_ms: 44.198333
  type: 'test'
  ...
# Subtest: processed-file scan continues past referenced entries to the finding limit
ok 12 - processed-file scan continues past referenced entries to the finding limit
  ---
  duration_ms: 43.317334
  type: 'test'
  ...
# Subtest: report limits scan classes independently and fairly select findings
ok 13 - report limits scan classes independently and fairly select findings
  ---
  duration_ms: 35.999209
  type: 'test'
  ...
# Subtest: marks a consistency report truncated when processed entries exceed the hard scan bound
ok 14 - marks a consistency report truncated when processed entries exceed the hard scan bound
  ---
  duration_ms: 778.283375
  type: 'test'
  ...
# Subtest: compilation audit detects IDs bound to the wrong contribution
ok 15 - compilation audit detects IDs bound to the wrong contribution
  ---
  duration_ms: 101.097833
  type: 'test'
  ...
# Subtest: compilation audit detects a clip bound to another group cycle
ok 16 - compilation audit detects a clip bound to another group cycle
  ---
  duration_ms: 31.319083
  type: 'test'
  ...
# Subtest: compilation audit detects a film bound to a different cycle than its clip
ok 17 - compilation audit detects a film bound to a different cycle than its clip
  ---
  duration_ms: 26.290375
  type: 'test'
  ...
# Subtest: migration 017 preserves audit history and permits consistency repair events
ok 18 - migration 017 preserves audit history and permits consistency repair events
  ---
  duration_ms: 38.173625
  type: 'test'
  ...
# Subtest: consistency CLI defaults to read-only JSON report mode
ok 19 - consistency CLI defaults to read-only JSON report mode
  ---
  duration_ms: 168.912666
  type: 'test'
  ...
# Subtest: repair is bounded, audited, generation-fenced, path-contained, and idempotent
ok 20 - repair is bounded, audited, generation-fenced, path-contained, and idempotent
  ---
  duration_ms: 346.39825
  type: 'test'
  ...
# Subtest: a failed database commit restores quarantined files and rolls back their audit rows
ok 21 - a failed database commit restores quarantined files and rolls back their audit rows
  ---
  duration_ms: 52.463167
  type: 'test'
  ...
# Subtest: a failed post-commit unlink restores the orphan and records a recoverable failure
ok 22 - a failed post-commit unlink restores the orphan and records a recoverable failure
  ---
  duration_ms: 67.146417
  type: 'test'
  ...
# (node:1869) ExperimentalWarning: SQLite is an experimental feature and might change at any time
# (Use `node --trace-warnings ...` to show where the warning was created)
# Subtest: migration 016 records readiness and repairs a malformed index after receipt
ok 23 - migration 016 records readiness and repairs a malformed index after receipt
  ---
  duration_ms: 96.451375
  type: 'test'
  ...
# Subtest: GET /contributions is self-only, current-cycle, paginated, filterable and redacted
ok 24 - GET /contributions is self-only, current-cycle, paginated, filterable and redacted
  ---
  duration_ms: 113.876542
  type: 'test'
  ...
# Subtest: ledger denial happens before filters and hides group existence
ok 25 - ledger denial happens before filters and hides group existence
  ---
  duration_ms: 100.984083
  type: 'test'
  ...
# (node:1870) ExperimentalWarning: SQLite is an experimental feature and might change at any time
# (Use `node --trace-warnings ...` to show where the warning was created)
# Subtest: ledger schema is repaired idempotently and exposes its readiness probe
ok 26 - ledger schema is repaired idempotently and exposes its readiness probe
  ---
  duration_ms: 69.412917
  type: 'test'
  ...
# Subtest: the ledger reports every lifecycle state with duration and redacted metadata
ok 27 - the ledger reports every lifecycle state with duration and redacted metadata
  ---
  duration_ms: 33.1755
  type: 'test'
  ...
# Subtest: the ledger is self-only inside the selected group and current cycle
ok 28 - the ledger is self-only inside the selected group and current cycle
  ---
  duration_ms: 55.354083
  type: 'test'
  ...
# Subtest: deletion stays deleted until an explicit accepted replacement links it
ok 29 - deletion stays deleted until an explicit accepted replacement links it
  ---
  duration_ms: 38.330458
  type: 'test'
  ...
# Subtest: replacement linking refuses cross-member, cross-window, and non-deleted targets
ok 30 - replacement linking refuses cross-member, cross-window, and non-deleted targets
  ---
  duration_ms: 33.383292
  type: 'test'
  ...
# Subtest: a replacement upload outside the member scope rolls back its new contribution and allowance
ok 31 - a replacement upload outside the member scope rolls back its new contribution and allowance
  ---
  duration_ms: 48.654458
  type: 'test'
  ...
# Subtest: ledger pagination is bounded and its cursor is bound to member and state
ok 32 - ledger pagination is bounded and its cursor is bound to member and state
  ---
  duration_ms: 54.977583
  type: 'test'
  ...
# Subtest: ledger allowance impact tracks the current window and cycle phase
ok 33 - ledger allowance impact tracks the current window and cycle phase
  ---
  duration_ms: 47.596
  type: 'test'
  ...
# Subtest: current-week allowance does not inherit usage or correction from the previous week
ok 34 - current-week allowance does not inherit usage or correction from the previous week
  ---
  duration_ms: 39.385292
  type: 'test'
  ...
# (node:1871) ExperimentalWarning: SQLite is an experimental feature and might change at any time
# (Use `node --trace-warnings ...` to show where the warning was created)
# Subtest: weekly allowance is anchored to the cycle start and resets at seven days
ok 35 - weekly allowance is anchored to the cycle start and resets at seven days
  ---
  duration_ms: 24.8905
  type: 'test'
  ...
# Subtest: upgrading a v005 database backfills the cycle-start quota ledger
ok 36 - upgrading a v005 database backfills the cycle-start quota ledger
  ---
  duration_ms: 109.087417
  type: 'test'
  ...
# Subtest: a legacy media-only v6 is repaired without losing its media schema
ok 37 - a legacy media-only v6 is repaired without losing its media schema
  ---
  duration_ms: 83.971375
  type: 'test'
  ...
# Subtest: clip submissions enforce five clips and thirty seconds per member window
ok 38 - clip submissions enforce five clips and thirty seconds per member window
  ---
  duration_ms: 40.1695
  type: 'test'
  ...
# Subtest: one current-week deletion tombstones media, restores exact allowance, and permits replacement
ok 39 - one current-week deletion tombstones media, restores exact allowance, and permits replacement
  ---
  duration_ms: 50.691166
  type: 'test'
  ...
# Subtest: second deletion in the same weekly window and post-reveal deletion are denied
ok 40 - second deletion in the same weekly window and post-reveal deletion are denied
  ---
  duration_ms: 60.9645
  type: 'test'
  ...
# Subtest: processing contributions cannot be deleted while a worker owns the job
ok 41 - processing contributions cannot be deleted while a worker owns the job
  ---
  duration_ms: 52.13125
  type: 'test'
  ...
# Subtest: idempotent retries consume one allowance and persisted state survives reopen
ok 42 - idempotent retries consume one allowance and persisted state survives reopen
  ---
  duration_ms: 36.326292
  type: 'test'
  ...
# Subtest: the thirty-second limit is independent from the five-clip limit
ok 43 - the thirty-second limit is independent from the five-clip limit
  ---
  duration_ms: 53.755833
  type: 'test'
  ...
# Subtest: duration above fifteen seconds is rejected before policy state is written
ok 44 - duration above fifteen seconds is rejected before policy state is written
  ---
  duration_ms: 37.566375
  type: 'test'
  ...
# Subtest: quota uses verified server metadata when a client submits a shorter duration hint
ok 45 - quota uses verified server metadata when a client submits a shorter duration hint
  ---
  duration_ms: 57.724792
  type: 'test'
  ...
# Subtest: trim bounds use verified FFprobe duration rather than a client source-duration hint
ok 46 - trim bounds use verified FFprobe duration rather than a client source-duration hint
  ---
  duration_ms: 21.443625
  type: 'test'
  ...
# Subtest: demo reset clears quota and verified metadata so stale sources cannot be reused
ok 47 - demo reset clears quota and verified metadata so stale sources cannot be reused
  ---
  duration_ms: 125.746833
  type: 'test'
  ...
# Subtest: staged source capabilities are owner-bound and cannot be replaced
ok 48 - staged source capabilities are owner-bound and cannot be replaced
  ---
  duration_ms: 125.773625
  type: 'test'
  ...
# (node:1871) ExperimentalWarning: SQLite is an experimental feature and might change at any time
# (Use `node --trace-warnings ...` to show where the warning was created)
# (node:1871) ExperimentalWarning: SQLite is an experimental feature and might change at any time
# (Use `node --trace-warnings ...` to show where the warning was created)
# Subtest: a transient SQLite writer lock retries and same-key submissions remain idempotent
ok 49 - a transient SQLite writer lock retries and same-key submissions remain idempotent
  ---
  duration_ms: 176.247875
  type: 'test'
  ...
# (node:1872) ExperimentalWarning: SQLite is an experimental feature and might change at any time
# (Use `node --trace-warnings ...` to show where the warning was created)
# Subtest: every exposed protected category denies a member of another group without content
ok 50 - every exposed protected category denies a member of another group without content
  ---
  duration_ms: 142.080292
  type: 'test'
  ...
# Subtest: each protected category remains readable for the member of its own group
ok 51 - each protected category remains readable for the member of its own group
  ---
  duration_ms: 56.255584
  type: 'test'
  ...
# Subtest: a member of another group cannot use the owner-only cycle control
ok 52 - a member of another group cannot use the owner-only cycle control
  ---
  duration_ms: 58.499375
  type: 'test'
  ...
# Subtest: a session from another group cannot inspect or play a group premiere
ok 53 - a session from another group cannot inspect or play a group premiere
  ---
  duration_ms: 64.878708
  type: 'test'
  ...
# Subtest: a session from another group cannot operate the local Demo reveal control
ok 54 - a session from another group cannot operate the local Demo reveal control
  ---
  duration_ms: 62.564667
  type: 'test'
  ...
# Subtest: a session from another group cannot create a synthetic Demo contribution
ok 55 - a session from another group cannot create a synthetic Demo contribution
  ---
  duration_ms: 63.436292
  type: 'test'
  ...
# Subtest: invite creation binds the requested group to the session context
ok 56 - invite creation binds the requested group to the session context
  ---
  duration_ms: 44.841541
  type: 'test'
  ...
# (node:1873) ExperimentalWarning: SQLite is an experimental feature and might change at any time
# (Use `node --trace-warnings ...` to show where the warning was created)
# Subtest: one deterministic engine calculates one-day and four-week windows
ok 57 - one deterministic engine calculates one-day and four-week windows
  ---
  duration_ms: 15.169791
  type: 'test'
  ...
# Subtest: engine advances a cycle deterministically without changing its duration
ok 58 - engine advances a cycle deterministically without changing its duration
  ---
  duration_ms: 0.154708
  type: 'test'
  ...
# Subtest: only the persisted owner can advance a demo cycle and controls are recorded
ok 59 - only the persisted owner can advance a demo cycle and controls are recorded
  ---
  duration_ms: 60.744791
  type: 'test'
  ...
# Subtest: owner controls reject invalid or excessive advances without changing the cycle
ok 60 - owner controls reject invalid or excessive advances without changing the cycle
  ---
  duration_ms: 24.895083
  type: 'test'
  ...
# Subtest: cycle lifecycle transitions wait for release and create one successor idempotently
ok 61 - cycle lifecycle transitions wait for release and create one successor idempotently
  ---
  duration_ms: 52.3895
  type: 'test'
  ...
# Subtest: lifecycle never archives or creates a successor without a ready film output
ok 62 - lifecycle never archives or creates a successor without a ready film output
  ---
  duration_ms: 29.430084
  type: 'test'
  ...
# Subtest: lifecycle migration applies after the canonical quota/media migrations
ok 63 - lifecycle migration applies after the canonical quota/media migrations
  ---
  duration_ms: 35.335458
  type: 'test'
  ...
# Subtest: a legacy \#54 version-006 lifecycle database is promoted without losing quota state
ok 64 - a legacy \#54 version-006 lifecycle database is promoted without losing quota state
  ---
  duration_ms: 51.349208
  type: 'test'
  ...
# Subtest: lifecycle migration repairs a partial DDL shape even after version 009 was recorded
ok 65 - lifecycle migration repairs a partial DDL shape even after version 009 was recorded
  ---
  duration_ms: 67.282875
  type: 'test'
  ...
# Subtest: HTTP owner control requires a valid session and derives the actor from it
ok 66 - HTTP owner control requires a valid session and derives the actor from it
  ---
  duration_ms: 121.233959
  type: 'test'
  ...
# (node:1874) ExperimentalWarning: SQLite is an experimental feature and might change at any time
# (Use `node --trace-warnings ...` to show where the warning was created)
# Subtest: duplicate workers produce exactly one result for the same clip job
ok 67 - duplicate workers produce exactly one result for the same clip job
  ---
  duration_ms: 590.876083
  type: 'test'
  ...
# Subtest: a stale processing claim is reclaimed after restart while a live claim is not
ok 68 - a stale processing claim is reclaimed after restart while a live claim is not
  ---
  duration_ms: 325.572875
  type: 'test'
  ...
# Subtest: a stale failing clip worker cannot change or remove a reclaimed worker output
ok 69 - a stale failing clip worker cannot change or remove a reclaimed worker output
  ---
  duration_ms: 1005.048875
  type: 'test'
  ...
# Subtest: automatic clip retries stop at the cap while request retries remain available
ok 70 - automatic clip retries stop at the cap while request retries remain available
  ---
  duration_ms: 29.052375
  type: 'test'
  ...
# Subtest: worker claim enforces the automatic clip cap after candidate selection
ok 71 - worker claim enforces the automatic clip cap after candidate selection
  ---
  duration_ms: 50.7095
  type: 'test'
  ...
# Subtest: an exhausted film job is terminal and never claimed again
ok 72 - an exhausted film job is terminal and never claimed again
  ---
  duration_ms: 83.842917
  type: 'test'
  ...
# Subtest: a stale failing film worker cannot remove a reclaimed generation output
ok 73 - a stale failing film worker cannot remove a reclaimed generation output
  ---
  duration_ms: 1740.780375
  type: 'test'
  ...
# Subtest: graceful shutdown stops claiming and leaves work for the request-driven path
ok 74 - graceful shutdown stops claiming and leaves work for the request-driven path
  ---
  duration_ms: 233.040792
  type: 'test'
  ...
# Subtest: graceful shutdown waits for in-flight FFmpeg and skips the next claim
ok 75 - graceful shutdown waits for in-flight FFmpeg and skips the next claim
  ---
  duration_ms: 560.878291
  type: 'test'
  ...
# Subtest: repeated idle waits do not retain callbacks for elapsed ticks
ok 76 - repeated idle waits do not retain callbacks for elapsed ticks
  ---
  duration_ms: 168.244333
  type: 'test'
  ...
# Subtest: stale ready clip and film candidates do not consume the worker job limit
ok 77 - stale ready clip and film candidates do not consume the worker job limit
  ---
  duration_ms: 92.139417
  type: 'test'
  ...
# Subtest: a worker counts successful persisted-output recovery against the job limit
ok 78 - a worker counts successful persisted-output recovery against the job limit
  ---
  duration_ms: 112.091167
  type: 'test'
  ...
# Subtest: candidate selection excludes terminal, ready, and out-of-scope rows
ok 79 - candidate selection excludes terminal, ready, and out-of-scope rows
  ---
  duration_ms: 11.377458
  type: 'test'
  ...
# Subtest: loop failure labels stay stable and expose no path or FFmpeg detail
ok 80 - loop failure labels stay stable and expose no path or FFmpeg detail
  ---
  duration_ms: 0.142791
  type: 'test'
  ...
# Subtest: persistent loop rejects on a claim error instead of reporting a clean stop
ok 81 - persistent loop rejects on a claim error instead of reporting a clean stop
  ---
  duration_ms: 0.139584
  type: 'test'
  ...
# Subtest: worker CLI exits nonzero with a safe label after a persistent loop failure
ok 82 - worker CLI exits nonzero with a safe label after a persistent loop failure
  ---
  duration_ms: 98.289291
  type: 'test'
  ...
# Subtest: --once --json emits one parseable summary and zero idle is rejected
ok 83 - --once --json emits one parseable summary and zero idle is rejected
  ---
  duration_ms: 76.302
  type: 'test'
  ...
# (node:1894) ExperimentalWarning: SQLite is an experimental feature and might change at any time
# (Use `node --trace-warnings ...` to show where the warning was created)
# Subtest: creates a deterministic portrait synthetic clip with audio for the local Demo
ok 84 - creates a deterministic portrait synthetic clip with audio for the local Demo
  ---
  duration_ms: 202.871625
  type: 'test'
  ...
# Subtest: compiles chronological retained clips into a playable normalized-audio film
ok 85 - compiles chronological retained clips into a playable normalized-audio film
  ---
  duration_ms: 1344.941916
  type: 'test'
  ...
# Subtest: production selection appends and visibly labels same-group archive filler
ok 86 - production selection appends and visibly labels same-group archive filler
  ---
  duration_ms: 842.018958
  type: 'test'
  ...
# Subtest: a write-then-fail FFmpeg run removes partial output and keeps playback unavailable
ok 87 - a write-then-fail FFmpeg run removes partial output and keeps playback unavailable
  ---
  duration_ms: 837.422417
  type: 'test'
  ...
# (node:1895) ExperimentalWarning: SQLite is an experimental feature and might change at any time
# (Use `node --trace-warnings ...` to show where the warning was created)
# Subtest: full-cycle: reset → join → sealed clip → reveal → authorized archive
ok 88 - full-cycle: reset → join → sealed clip → reveal → authorized archive
  ---
  duration_ms: 1299.386416
  type: 'test'
  ...
# (node:1902) ExperimentalWarning: SQLite is an experimental feature and might change at any time
# (Use `node --trace-warnings ...` to show where the warning was created)
# Subtest: HTTP policy configuration is bounded and has documented defaults
ok 89 - HTTP policy configuration is bounded and has documented defaults
  ---
  duration_ms: 1.766542
  type: 'test'
  ...
# Subtest: slow JSON bodies return a stable 408 contract
ok 90 - slow JSON bodies return a stable 408 contract
  ---
  duration_ms: 127.340709
  type: 'test'
  ...
# Subtest: an upload that exceeds its total deadline returns a stable 408 contract
ok 91 - an upload that exceeds its total deadline returns a stable 408 contract
  ---
  duration_ms: 68.155791
  type: 'test'
  ...
# Subtest: staging exceptions remove the final source, release the claim, and allow retry
ok 92 - staging exceptions remove the final source, release the claim, and allow retry
  ---
  duration_ms: 411.5695
  type: 'test'
  ...
# Subtest: JSON bodies above the existing 64 KiB cap return a stable 413 contract
ok 93 - JSON bodies above the existing 64 KiB cap return a stable 413 contract
  ---
  duration_ms: 27.1525
  type: 'test'
  ...
# Subtest: media bodies above the existing 50 MiB cap return a stable 413 contract
ok 94 - media bodies above the existing 50 MiB cap return a stable 413 contract
  ---
  duration_ms: 25.74075
  type: 'test'
  ...
# Subtest: a second media intake receives a stable 429 while the first is active
ok 95 - a second media intake receives a stable 429 while the first is active
  ---
  duration_ms: 69.114708
  type: 'test'
  ...
# Subtest: aborted media intake returns to a retryable staged state
ok 96 - aborted media intake returns to a retryable staged state
  ---
  duration_ms: 591.346125
  type: 'test'
  ...
# Subtest: processing concurrency returns stable 429 and releases capacity for retry
ok 97 - processing concurrency returns stable 429 and releases capacity for retry
  ---
  duration_ms: 865.534417
  type: 'test'
  ...
# Subtest: a normal bounded media upload remains successful
ok 98 - a normal bounded media upload remains successful
  ---
  duration_ms: 199.922292
  type: 'test'
  ...
# (node:1938) ExperimentalWarning: SQLite is an experimental feature and might change at any time
# (Use `node --trace-warnings ...` to show where the warning was created)
# Subtest: owners create bounded expiring invite codes bound to their group
ok 99 - owners create bounded expiring invite codes bound to their group
  ---
  duration_ms: 182.318125
  type: 'test'
  ...
# Subtest: valid invite acceptance persists one member, moves the session group, and consumes the code
ok 100 - valid invite acceptance persists one member, moves the session group, and consumes the code
  ---
  duration_ms: 19.989958
  type: 'test'
  ...
# Subtest: invite acceptance rejects malformed, expired, and cross-group codes without membership writes
ok 101 - invite acceptance rejects malformed, expired, and cross-group codes without membership writes
  ---
  duration_ms: 149.024667
  type: 'test'
  ...
# (node:1974) ExperimentalWarning: SQLite is an experimental feature and might change at any time
# (Use `node --trace-warnings ...` to show where the warning was created)
# Subtest: finalization persists a matching SHA-256 and byte length for a real clip
ok 102 - finalization persists a matching SHA-256 and byte length for a real clip
  ---
  duration_ms: 399.084667
  type: 'test'
  ...
# Subtest: a tampered finalized clip is unavailable, audited, and still not served
ok 103 - a tampered finalized clip is unavailable, audited, and still not served
  ---
  duration_ms: 591.6025
  type: 'test'
  ...
# (node:1974) ExperimentalWarning: SQLite is an experimental feature and might change at any time
# (Use `node --trace-warnings ...` to show where the warning was created)
# (node:1974) ExperimentalWarning: SQLite is an experimental feature and might change at any time
# (Use `node --trace-warnings ...` to show where the warning was created)
# Subtest: concurrent connections record one integrity audit event
ok 104 - concurrent connections record one integrity audit event
  ---
  duration_ms: 107.434
  type: 'test'
  ...
# Subtest: a truncated finalized clip is unavailable and never streamed
ok 105 - a truncated finalized clip is unavailable and never streamed
  ---
  duration_ms: 332.368291
  type: 'test'
  ...
# Subtest: a missing or unreadable output is reported unavailable rather than silently served
ok 106 - a missing or unreadable output is reported unavailable rather than silently served
  ---
  duration_ms: 377.64725
  type: 'test'
  ...
# Subtest: HTTP audits a deleted finalized output once and returns 404
ok 107 - HTTP audits a deleted finalized output once and returns 404
  ---
  duration_ms: 267.298708
  type: 'test'
  ...
# Subtest: HTTP audits a zero-byte finalized output once and returns 404
ok 108 - HTTP audits a zero-byte finalized output once and returns 404
  ---
  duration_ms: 178.548583
  type: 'test'
  ...
# Subtest: deletion and failed processing clear the output path and integrity metadata together
ok 109 - deletion and failed processing clear the output path and integrity metadata together
  ---
  duration_ms: 196.159375
  type: 'test'
  ...
# Subtest: a zero-row ready update cannot complete clip finalization
ok 110 - a zero-row ready update cannot complete clip finalization
  ---
  duration_ms: 104.365375
  type: 'test'
  ...
# Subtest: a stale clip worker cannot delete output published by a reclaimed worker
ok 111 - a stale clip worker cannot delete output published by a reclaimed worker
  ---
  duration_ms: 818.408625
  type: 'test'
  ...
# Subtest: a row finalized before \#157 is unverifiable and the migration backfills it
ok 112 - a row finalized before \#157 is unverifiable and the migration backfills it
  ---
  duration_ms: 99.013958
  type: 'test'
  ...
# Subtest: legacy backfill releases writer locks while hashing and resumes after restart
ok 113 - legacy backfill releases writer locks while hashing and resumes after restart
  ---
  duration_ms: 177.770292
  type: 'test'
  ...
# Subtest: the integrity migration is idempotent, preserves audit rows, and widens the event guard
ok 114 - the integrity migration is idempotent, preserves audit rows, and widens the event guard
  ---
  duration_ms: 10.327916
  type: 'test'
  ...
# Subtest: film finalization persists a digest and verifies its retained clip inputs
ok 115 - film finalization persists a digest and verifies its retained clip inputs
  ---
  duration_ms: 286.919167
  type: 'test'
  ...
# Subtest: a tampered retained clip input blocks film compilation instead of minting a fresh digest
ok 116 - a tampered retained clip input blocks film compilation instead of minting a fresh digest
  ---
  duration_ms: 47.469458
  type: 'test'
  ...
# Subtest: a stale failing film worker cannot remove a reclaimed generation output
ok 117 - a stale failing film worker cannot remove a reclaimed generation output
  ---
  duration_ms: 1035.033167
  type: 'test'
  ...
# Subtest: media streaming retains a verified snapshot after its source pathname is replaced
ok 118 - media streaming retains a verified snapshot after its source pathname is replaced
  ---
  duration_ms: 93.155208
  type: 'test'
  ...
# Subtest: media streaming rejects a mixed snapshot after an in-place source mutation
ok 119 - media streaming rejects a mixed snapshot after an in-place source mutation
  ---
  duration_ms: 91.796792
  type: 'test'
  ...
# Subtest: a published film whose bytes changed is reported delayed and never streamed
ok 120 - a published film whose bytes changed is reported delayed and never streamed
  ---
  duration_ms: 50.74975
  type: 'test'
  ...
# Subtest: hashFileSync and hashFile agree, and reject empty or absent files
ok 121 - hashFileSync and hashFile agree, and reject empty or absent files
  ---
  duration_ms: 9.831917
  type: 'test'
  ...
# (node:1975) ExperimentalWarning: SQLite is an experimental feature and might change at any time
# (Use `node --trace-warnings ...` to show where the warning was created)
# Subtest: FFmpeg produces a playable soft-focus clip with bounded trim and raw cleanup
ok 122 - FFmpeg produces a playable soft-focus clip with bounded trim and raw cleanup
  ---
  duration_ms: 522.888042
  type: 'test'
  ...
# Subtest: FFmpeg produces a playable high-contrast clip with bounded trim and raw cleanup
ok 123 - FFmpeg produces a playable high-contrast clip with bounded trim and raw cleanup
  ---
  duration_ms: 770.226834
  type: 'test'
  ...
# Subtest: the shared probe accepts only playable portrait MP4 sources with audio
ok 124 - the shared probe accepts only playable portrait MP4 sources with audio
  ---
  duration_ms: 450.246042
  type: 'test'
  ...
# Subtest: same-key staging claims one pending source and rejects a concurrent distinct payload
ok 125 - same-key staging claims one pending source and rejects a concurrent distinct payload
  ---
  duration_ms: 386.308084
  type: 'test'
  ...
# Subtest: stale intake callbacks cannot complete or reset a reclaimed generation
ok 126 - stale intake callbacks cannot complete or reset a reclaimed generation
  ---
  duration_ms: 19.174667
  type: 'test'
  ...
# (node:1975) ExperimentalWarning: SQLite is an experimental feature and might change at any time
# (Use `node --trace-warnings ...` to show where the warning was created)
# Subtest: claim reset and fenced metadata deletion exclude a concurrent generation-two writer
ok 127 - claim reset and fenced metadata deletion exclude a concurrent generation-two writer
  ---
  duration_ms: 203.317667
  type: 'test'
  ...
# Subtest: expired pending intake claims can be reclaimed to a new generation
ok 128 - expired pending intake claims can be reclaimed to a new generation
  ---
  duration_ms: 12.072167
  type: 'test'
  ...
# Subtest: enqueue retries rebind a pending job to the recovered staged generation
ok 129 - enqueue retries rebind a pending job to the recovered staged generation
  ---
  duration_ms: 13.325167
  type: 'test'
  ...
# Subtest: a worker restart finalizes a durable output marker after raw deletion
ok 130 - a worker restart finalizes a durable output marker after raw deletion
  ---
  duration_ms: 52.277916
  type: 'test'
  ...
# Subtest: cleanup preserves a live leased intake claim even when its file is old
ok 131 - cleanup preserves a live leased intake claim even when its file is old
  ---
  duration_ms: 46.589459
  type: 'test'
  ...
# Subtest: restart cleanup removes stale partial intake state and permits an immediate retry
ok 132 - restart cleanup removes stale partial intake state and permits an immediate retry
  ---
  duration_ms: 12.417542
  type: 'test'
  ...
# Subtest: orphan cleanup never deletes a reclaimed generation or escapes a staging symlink
ok 133 - orphan cleanup never deletes a reclaimed generation or escapes a staging symlink
  ---
  duration_ms: 15.18975
  type: 'test'
  ...
# Subtest: processing failure is recoverable and never discloses media paths
ok 134 - processing failure is recoverable and never discloses media paths
  ---
  duration_ms: 148.459084
  type: 'test'
  ...
# Subtest: a stale processing claim is recoverable after a worker restart
ok 135 - a stale processing claim is recoverable after a worker restart
  ---
  duration_ms: 101.42675
  type: 'test'
  ...
# (node:1975) ExperimentalWarning: SQLite is an experimental feature and might change at any time
# (Use `node --trace-warnings ...` to show where the warning was created)
# Subtest: cancellation rechecks the job state after a concurrent processor claim
ok 136 - cancellation rechecks the job state after a concurrent processor claim
  ---
  duration_ms: 173.811375
  type: 'test'
  ...
# Subtest: cancellation fences a capability that is concurrently recovered to a new path
ok 137 - cancellation fences a capability that is concurrently recovered to a new path
  ---
  duration_ms: 46.849875
  type: 'test'
  ...
# Subtest: session-authorized HTTP processing completes a staged capture workflow
ok 138 - session-authorized HTTP processing completes a staged capture workflow
  ---
  duration_ms: 241.497166
  type: 'test'
  ...
# Subtest: migration versions are explicit and guard legacy media-v6 promotion until quota is installed
ok 139 - migration versions are explicit and guard legacy media-v6 promotion until quota is installed
  ---
  duration_ms: 13.425667
  type: 'test'
  ...
# Subtest: staged orphan cleanup is bounded and leaves active job sources untouched
ok 140 - staged orphan cleanup is bounded and leaves active job sources untouched
  ---
  duration_ms: 44.445958
  type: 'test'
  ...
# Subtest: staged source tokens cannot be enqueued across owner or group boundaries
ok 141 - staged source tokens cannot be enqueued across owner or group boundaries
  ---
  duration_ms: 10.77425
  type: 'test'
  ...
# Subtest: production enqueue rejects arbitrary local paths without verified staged metadata
ok 142 - production enqueue rejects arbitrary local paths without verified staged metadata
  ---
  duration_ms: 9.813916
  type: 'test'
  ...
# (node:2265) ExperimentalWarning: SQLite is an experimental feature and might change at any time
# (Use `node --trace-warnings ...` to show where the warning was created)
# Subtest: clip upload validates media before creating a job and retries idempotently
ok 143 - clip upload validates media before creating a job and retries idempotently
  ---
  duration_ms: 30.055625
  type: 'test'
  ...
# Subtest: clip upload rejects ended cycles and malformed dimensions before writing
ok 144 - clip upload rejects ended cycles and malformed dimensions before writing
  ---
  duration_ms: 24.303917
  type: 'test'
  ...
# Subtest: HTTP clip upload requires a session and cancellation releases quota for retry
ok 145 - HTTP clip upload requires a session and cancellation releases quota for retry
  ---
  duration_ms: 690.64625
  type: 'test'
  ...
# Subtest: HTTP delete-and-replace is session-bound and restores the exact weekly allowance
ok 146 - HTTP delete-and-replace is session-bound and restores the exact weekly allowance
  ---
  duration_ms: 66.731959
  type: 'test'
  ...
# (node:2368) ExperimentalWarning: SQLite is an experimental feature and might change at any time
# (Use `node --trace-warnings ...` to show where the warning was created)
# Subtest: archive and cycle routes keyset-page independently and invalidate changed media identity
ok 147 - archive and cycle routes keyset-page independently and invalidate changed media identity
  ---
  duration_ms: 266.452916
  type: 'test'
  ...
# Subtest: archive integrity cache expires, bounds entries, and rejects replaced or changed files
ok 148 - archive integrity cache expires, bounds entries, and rejects replaced or changed files
  ---
  duration_ms: 149.98075
  type: 'test'
  ...
# Subtest: media serving budget rejects excess concurrency/bytes and releases capacity once
ok 149 - media serving budget rejects excess concurrency/bytes and releases capacity once
  ---
  duration_ms: 0.169083
  type: 'test'
  ...
# Subtest: default media snapshot budget leaves tmpfs headroom and rejects an oversized file
ok 150 - default media snapshot budget leaves tmpfs headroom and rejects an oversized file
  ---
  duration_ms: 0.044917
  type: 'test'
  ...
# Subtest: aborted media response retains its lease until the snapshot stream closes
ok 151 - aborted media response retains its lease until the snapshot stream closes
  ---
  duration_ms: 0.81575
  type: 'test'
  ...
# Subtest: integrity snapshot refuses a source larger than its reserved temporary-byte budget
ok 152 - integrity snapshot refuses a source larger than its reserved temporary-byte budget
  ---
  duration_ms: 276.449791
  type: 'test'
  ...
# Subtest: one-command preflight passes service, SQLite, LAN, and FFmpeg gates
ok 153 - one-command preflight passes service, SQLite, LAN, and FFmpeg gates
  ---
  duration_ms: 555.635333
  type: 'test'
  ...
# (node:2928) ExperimentalWarning: SQLite is an experimental feature and might change at any time
# (Use `node --trace-warnings ...` to show where the warning was created)
# Subtest: retains active job outputs and every compilation input, including unverifiable failed bytes
ok 154 - retains active job outputs and every compilation input, including unverifiable failed bytes
  ---
  duration_ms: 62.445042
  type: 'test'
  ...
# Subtest: dry-run CLI reports sanitized names without deleting; apply revalidates references and is idempotent
ok 155 - dry-run CLI reports sanitized names without deleting; apply revalidates references and is idempotent
  ---
  duration_ms: 125.616209
  type: 'test'
  ...
# Subtest: skips symlinks and applies the 24-hour cutoff and bounded limit
ok 156 - skips symlinks and applies the 24-hour cutoff and bounded limit
  ---
  duration_ms: 67.741833
  type: 'test'
  ...
# (node:2981) ExperimentalWarning: SQLite is an experimental feature and might change at any time
# (Use `node --trace-warnings ...` to show where the warning was created)
# Subtest: queue migration repairs malformed filter/order indexes after its receipt is recorded
ok 157 - queue migration repairs malformed filter/order indexes after its receipt is recorded
  ---
  duration_ms: 67.666875
  type: 'test'
  ...
# Subtest: queue API is authenticated, group-scoped, paginated, redacted, and retry-aware
ok 158 - queue API is authenticated, group-scoped, paginated, redacted, and retry-aware
  ---
  duration_ms: 137.830667
  type: 'test'
  ...
# Subtest: jobs CLI emits the same redacted bounded contract
ok 159 - jobs CLI emits the same redacted bounded contract
  ---
  duration_ms: 239.6695
  type: 'test'
  ...
# Subtest: queue read model uses keyset order without exposing ready or download rows
ok 160 - queue read model uses keyset order without exposing ready or download rows
  ---
  duration_ms: 66.860792
  type: 'test'
  ...
# (node:3023) ExperimentalWarning: SQLite is an experimental feature and might change at any time
# (Use `node --trace-warnings ...` to show where the warning was created)
# Subtest: chat history pages are bounded, ordered, and include batched reactions
ok 161 - chat history pages are bounded, ordered, and include batched reactions
  ---
  duration_ms: 172.953875
  type: 'test'
  ...
# Subtest: authorized chat history HTTP pages resume after their watermark without dropping older events
ok 162 - authorized chat history HTTP pages resume after their watermark without dropping older events
  ---
  duration_ms: 147.551583
  type: 'test'
  ...
# Subtest: two authorised sessions receive a persisted group message over SSE
ok 163 - two authorised sessions receive a persisted group message over SSE
  ---
  duration_ms: 98.762042
  type: 'test'
  ...
# Subtest: a non-member cannot open a group realtime subscription or post
ok 164 - a non-member cannot open a group realtime subscription or post
  ---
  duration_ms: 39.92025
  type: 'test'
  ...
# Subtest: an EventSource-compatible denial sends a terminal SSE event
ok 165 - an EventSource-compatible denial sends a terminal SSE event
  ---
  duration_ms: 34.929166
  type: 'test'
  ...
# Subtest: a session invalidated while the request body is delayed cannot persist a message
ok 166 - a session invalidated while the request body is delayed cannot persist a message
  ---
  duration_ms: 39.093625
  type: 'test'
  ...
# Subtest: realtime delivery is isolated to the subscribed group
ok 167 - realtime delivery is isolated to the subscribed group
  ---
  duration_ms: 137.649208
  type: 'test'
  ...
# Subtest: heartbeat closes and removes a subscription after its session is revoked
ok 168 - heartbeat closes and removes a subscription after its session is revoked
  ---
  duration_ms: 40.307833
  type: 'test'
  ...
# Subtest: disconnect during paginated replay immediately removes the hub subscription
ok 169 - disconnect during paginated replay immediately removes the hub subscription
  ---
  duration_ms: 107.652791
  type: 'test'
  ...
# Subtest: persisted message events replay after the runtime and database are reopened
ok 170 - persisted message events replay after the runtime and database are reopened
  ---
  duration_ms: 26.833083
  type: 'test'
  ...
# Subtest: a zero checkpoint cursor replays messages after an unread stream replacement
ok 171 - a zero checkpoint cursor replays messages after an unread stream replacement
  ---
  duration_ms: 25.821709
  type: 'test'
  ...
# Subtest: reconnect replay drains every page and delivers events committed during the drain once
ok 172 - reconnect replay drains every page and delivers events committed during the drain once
  ---
  duration_ms: 59.605958
  type: 'test'
  ...
# Subtest: metadata-only unread SSE omits message and reply bodies while timeline SSE keeps them
ok 173 - metadata-only unread SSE omits message and reply bodies while timeline SSE keeps them
  ---
  duration_ms: 21.750542
  type: 'test'
  ...
# Subtest: a new unread observer skips persisted history but receives messages after its checkpoint
ok 174 - a new unread observer skips persisted history but receives messages after its checkpoint
  ---
  duration_ms: 14.909875
  type: 'test'
  ...
# Subtest: retrying the same client message id replays one persisted event
ok 175 - retrying the same client message id replays one persisted event
  ---
  duration_ms: 18.069875
  type: 'test'
  ...
# (node:3409) ExperimentalWarning: SQLite is an experimental feature and might change at any time
# (Use `node --trace-warnings ...` to show where the warning was created)
# Subtest: configuration rejects an unsafe bind address with an actionable hint
ok 176 - configuration rejects an unsafe bind address with an actionable hint
  ---
  duration_ms: 1.774
  type: 'test'
  ...
# Subtest: fresh migration, restart, and reset preserve or restore deterministic state
ok 177 - fresh migration, restart, and reset preserve or restore deterministic state
  ---
  duration_ms: 149.41425
  type: 'test'
  ...
# Subtest: a fresh runtime seeds a current Demo window while retaining fixed-clock test control
ok 178 - a fresh runtime seeds a current Demo window while retaining fixed-clock test control
  ---
  duration_ms: 27.810708
  type: 'test'
  ...
# Subtest: fresh and reset Demo fixtures keep quota and media consistency truthful
ok 179 - fresh and reset Demo fixtures keep quota and media consistency truthful
  ---
  duration_ms: 214.519
  type: 'test'
  ...
# Subtest: health and typed fixture endpoints are reachable over the local service
ok 180 - health and typed fixture endpoints are reachable over the local service
  ---
  duration_ms: 40.284417
  type: 'test'
  ...
# Subtest: every protected endpoint category requires a session and ignores caller identity values
ok 181 - every protected endpoint category requires a session and ignores caller identity values
  ---
  duration_ms: 38.671334
  type: 'test'
  ...
# Subtest: released archive downloads are session-bound, owner-scoped, release-gated, and never expose paths
ok 182 - released archive downloads are session-bound, owner-scoped, release-gated, and never expose paths
  ---
  duration_ms: 50.478042
  type: 'test'
  ...
# Subtest: a session-authorized synthetic Demo clip enters the ordinary sealed processing path
ok 183 - a session-authorized synthetic Demo clip enters the ordinary sealed processing path
  ---
  duration_ms: 200.589833
  type: 'test'
  ...
# Subtest: synthetic quota rejection removes its staged capability and permits an immediate retry
ok 184 - synthetic quota rejection removes its staged capability and permits an immediate retry
  ---
  duration_ms: 142.312542
  type: 'test'
  ...
# Subtest: synthetic closed-window rejection removes its staged capability and permits an immediate retry
ok 185 - synthetic closed-window rejection removes its staged capability and permits an immediate retry
  ---
  duration_ms: 136.415667
  type: 'test'
  ...
# Subtest: synthetic post-ready exception removes its exact staged capability with a redacted retryable error
ok 186 - synthetic post-ready exception removes its exact staged capability with a redacted retryable error
  ---
  duration_ms: 137.386625
  type: 'test'
  ...
# Subtest: the owner reveal control reports collecting while the cycle is still open
ok 187 - the owner reveal control reports collecting while the cycle is still open
  ---
  duration_ms: 13.035375
  type: 'test'
  ...
# Subtest: the owner reveal control reports a durable compile failure as delayed without a player
ok 188 - the owner reveal control reports a durable compile failure as delayed without a player
  ---
  duration_ms: 16.267625
  type: 'test'
  ...
# Subtest: a non-owner Demo member cannot operate the reveal control
ok 189 - a non-owner Demo member cannot operate the reveal control
  ---
  duration_ms: 11.538292
  type: 'test'
  ...
# Subtest: malformed percent-encoded path segments return a client error for every route family
ok 190 - malformed percent-encoded path segments return a client error for every route family
  ---
  duration_ms: 13.471208
  type: 'test'
  ...
# Subtest: invitation routes require a session and expose an owner-generated code state
ok 191 - invitation routes require a session and expose an owner-generated code state
  ---
  duration_ms: 14.779958
  type: 'test'
  ...
# Subtest: delayed group, invite, and contribution bodies cannot commit after session revocation
ok 192 - delayed group, invite, and contribution bodies cannot commit after session revocation
  ---
  duration_ms: 106.70525
  type: 'test'
  ...
# Subtest: local group creation validates before writing and creates an owner one-day cycle atomically
ok 193 - local group creation validates before writing and creates an owner one-day cycle atomically
  ---
  duration_ms: 11.112959
  type: 'test'
  ...
# Subtest: Demo session and group HTTP mutations preserve the selected group context
ok 194 - Demo session and group HTTP mutations preserve the selected group context
  ---
  duration_ms: 14.419292
  type: 'test'
  ...
# Subtest: local Demo reset endpoint restores the deterministic fixture and removes created groups
ok 195 - local Demo reset endpoint restores the deterministic fixture and removes created groups
  ---
  duration_ms: 16.440167
  type: 'test'
  ...
# Subtest: local Demo reset endpoint refuses a valid non-owner session
ok 196 - local Demo reset endpoint refuses a valid non-owner session
  ---
  duration_ms: 12.50525
  type: 'test'
  ...
# (node:3486) ExperimentalWarning: SQLite is an experimental feature and might change at any time
# (Use `node --trace-warnings ...` to show where the warning was created)
# Subtest: demo sessions persist a stable synthetic actor and enforce a bounded lifecycle
ok 197 - demo sessions persist a stable synthetic actor and enforce a bounded lifecycle
  ---
  duration_ms: 30.734791
  type: 'test'
  ...
# Subtest: demo session invalidation is persisted and terminal
ok 198 - demo session invalidation is persisted and terminal
  ---
  duration_ms: 27.3485
  type: 'test'
  ...
# Subtest: audit events structurally redact arbitrary text and correlate failed jobs safely
ok 199 - audit events structurally redact arbitrary text and correlate failed jobs safely
  ---
  duration_ms: 91.993917
  type: 'test'
  ...
# (node:3683) ExperimentalWarning: SQLite is an experimental feature and might change at any time
# (Use `node --trace-warnings ...` to show where the warning was created)
# Subtest: protected route classes reject caller-supplied identity without a session
ok 200 - protected route classes reject caller-supplied identity without a session
  ---
  duration_ms: 83.832875
  type: 'test'
  ...
# Subtest: valid session identity authorises group, contribution, media, film, archive, owner, invite, and realtime routes
ok 201 - valid session identity authorises group, contribution, media, film, archive, owner, invite, and realtime routes
  ---
  duration_ms: 79.862084
  type: 'test'
  ...
# Subtest: expired, invalid, and cross-group sessions fail before protected resource lookup
ok 202 - expired, invalid, and cross-group sessions fail before protected resource lookup
  ---
  duration_ms: 39.758166
  type: 'test'
  ...
# Subtest: owner-only reset accepts the session owner and rejects a valid non-owner
ok 203 - owner-only reset accepts the session owner and rejects a valid non-owner
  ---
  duration_ms: 30.6585
  type: 'test'
  ...
1..203
# tests 203
# suites 0
# pass 203
# fail 0
# cancelled 0
# skipped 0
# todo 0
# duration_ms 6121.948125
PASS tests/chat-screen.test.tsx
PASS tests/App.test.tsx
PASS tests/invite-group-failure.test.tsx
PASS tests/VideoCaptureScreen.test.tsx
PASS tests/identity-groups-settings.test.tsx
PASS tests/deep-link-invites.test.tsx
PASS tests/chat-unread-app.test.tsx
PASS tests/navigation-regressions.test.tsx
PASS tests/accessibility-panels.test.tsx
PASS tests/invite-panel.test.tsx
PASS tests/CameraCaptureScreen.test.tsx
PASS tests/chat-unread-provider.test.tsx
PASS tests/still-image-session.test.ts
PASS tests/reminder-settings.test.tsx
PASS tests/realtime-client.test.ts
PASS tests/archive-scope.test.tsx
PASS tests/runtime-client.test.ts
PASS tests/contribution-ledger.test.tsx
PASS tests/contribution-ledger-section.test.tsx
PASS tests/capture-platform.test.ts
PASS tests/contribution-status.test.tsx
PASS tests/runtime-status.test.tsx
PASS tests/archive-download.test.ts
PASS tests/reveal-education.test.tsx
PASS tests/reminder-service.test.ts
PASS tests/video-recording.test.ts
PASS tests/capture-interruption.test.ts
PASS tests/capture-state.test.ts
PASS tests/file-store.test.ts
PASS tests/chat-unread-store.test.ts
PASS tests/clip-uploader.test.ts
PASS tests/reset-capture-data.test.ts
PASS tests/demo-repository.test.ts
PASS tests/deep-link-invites.test.ts
PASS tests/session-contract.test.ts
PASS tests/video-review.test.ts
PASS tests/metadata-store.test.ts
PASS tests/contribution-ledger-client.test.ts
PASS tests/invites.test.ts
PASS tests/cycle-time.test.ts

Test Suites: 40 passed, 40 total
Tests:       357 passed, 357 total
Snapshots:   0 total
Time:        4.554 s, estimated 5 s
Ran all test suites.

> rewind-app@0.1.0 test:a11y
> npm run build:web && playwright test --config=playwright.config.ts tests/responsive/accessibility.spec.ts


> rewind-app@0.1.0 build:web
> expo export --clear --platform web --output-dir dist

Starting Metro Bundler

warning: Bundler cache is empty, rebuilding (this may take a minute)
| (node:5966) Warning: The 'NO_COLOR' env is ignored due to the 'FORCE_COLOR' env being set.
| (Use `node --trace-warnings ...` to show where the warning was created)
| (node:5966) Warning: The 'NO_COLOR' env is ignored due to the 'FORCE_COLOR' env being set.
| (Use `node --trace-warnings ...` to show where the warning was created)
| (node:5966) Warning: The 'NO_COLOR' env is ignored due to the 'FORCE_COLOR' env being set.
| (Use `node --trace-warnings ...` to show where the warning was created)
| (node:5966) Warning: The 'NO_COLOR' env is ignored due to the 'FORCE_COLOR' env being set.
| (Use `node --trace-warnings ...` to show where the warning was created)
| (node:5966) Warning: The 'NO_COLOR' env is ignored due to the 'FORCE_COLOR' env being set.
| (Use `node --trace-warnings ...` to show where the warning was created)
| (node:5966) Warning: The 'NO_COLOR' env is ignored due to the 'FORCE_COLOR' env being set.
| (Use `node --trace-warnings ...` to show where the warning was created)
| (node:5966) Warning: The 'NO_COLOR' env is ignored due to the 'FORCE_COLOR' env being set.
| (Use `node --trace-warnings ...` to show where the warning was created)
Web Bundled 3232ms node_modules/expo/AppEntry.js (412 modules)

› web bundles (2):
_expo/static/js/web/AppEntry-e5fd71be2a7d27dadc094d12fa298d08.js (839KB)
_expo/static/js/web/index-296af7a86db46c2273903d7d99b451a0.js (45KB)

› Files (3):
favicon.ico (15KB)
index.html (1.8KB)
metadata.json (49B)

Exported: dist
[WebServer] (node:6258) Warning: The 'NO_COLOR' env is ignored due to the 'FORCE_COLOR' env being set.
[WebServer] (Use `node --trace-warnings ...` to show where the warning was created)
[WebServer] (node:6314) Warning: The 'NO_COLOR' env is ignored due to the 'FORCE_COLOR' env being set.
[WebServer] (Use `node --trace-warnings ...` to show where the warning was created)
[WebServer] (node:6258) ExperimentalWarning: SQLite is an experimental feature and might change at any time

Running 6 tests using 1 worker

(node:6608) Warning: The 'NO_COLOR' env is ignored due to the 'FORCE_COLOR' env being set.
(Use `node --trace-warnings ...` to show where the warning was created)
  ✓  1 tests/responsive/accessibility.spec.ts:42:5 › Home, Settings, Camera, Chat, and Archive have no serious or critical Axe violations (1.5s)
  ✓  2 tests/responsive/accessibility.spec.ts:56:5 › dialog traps keyboard focus, restores its trigger, and has no serious or critical violations (463ms)
  ✓  3 tests/responsive/accessibility.spec.ts:88:5 › Archive loading and Demo access error states have no serious or critical Axe violations (409ms)
  ✓  4 tests/responsive/accessibility.spec.ts:109:5 › Demo access error state has no serious or critical Axe violations (348ms)
  ✓  5 tests/responsive/accessibility.spec.ts:126:5 › entry chooser has no serious or critical Axe violations (275ms)
  ✓  6 tests/responsive/accessibility.spec.ts:136:5 › keyboard navigation keeps focus on visible controls and reaches each main route (265ms)

  6 passed (9.6s)
